// Jest Snapshot v1, https://goo.gl/fbAQLP

exports[`landing no violations 1`] = `
<div>
  <div
    class="flex h-1/2"
  >
    <div
      class="font-bodoni w-1/2 flex flex-col justify-center"
    >
      <h1
        class="font-bold text-5xl my-10 leading-none"
      >
        <span
          class="text-cyan-500"
        >
          Hi! I'm Kali.
        </span>
         I'm passionate about all things Typescript.
      </h1>
      <p
        class="font-sans"
      >
        And maybe Javascript.
      </p>
      <div>
        <button
          class="py-2 px-3 my-5 mr-5 bg-cyan-500 text-white text-sm font-semibold rounded-md shadow-lg shadow-cyan-500/50 focus:outline-none font-sans"
        >
          Contact Me!
        </button>
        <button
          class="py-2 px-3 my-5 text-sm font-semibold rounded-md font-sans underline"
        >
          Learn More
        </button>
      </div>
    </div>
    <div>
      <img
        alt="Kali's headshot"
        class="object-cover rounded-lg"
        src=""
      />
    </div>
  </div>
</div>
`;
